{
  "aio": {
    "master": {
      "uncompressed": {
        "runtime-es2017": 4841,
        "main-es2017": 462975,
        "polyfills-es2017": 55235,
        "styles": 69772,
        "light-theme": 79025,
        "dark-theme": 78924
      }
    }
  },
  "aio-local": {
    "master": {
      "uncompressed": {
        "runtime-es2017": 4841,
        "main-es2017": 463150,
        "polyfills-es2017": 55373,
        "styles": 69772,
        "light-theme": 79025,
        "dark-theme": 78924
      }
    }
  }
}
